nohup: ignoring input
2026-05-06 12:18:13,567 - ESATBatch - INFO - ESAT Batch Processor Starting...
Using grouped folder source: /home/yangxin/expguard/data (pattern: ablation)
Discovered 1 group folders
2026-05-06 12:18:13,729 - ESATBatch - INFO - Webhook notifications enabled
2026-05-06 12:18:13,730 - ESATBatch - INFO - Starting processing with 30 workers...
[1/1] Processing group folder: /home/yangxin/expguard/data/ablation
2026-05-06 12:18:14,247 - ESATBatch - INFO - Task pool primed with 60 workers
2026-05-06 12:18:52,316 - ESATBatch - INFO - Progress: 100/159 | Duration=38.59s Success=100 Failed=0 Timeout=0 OOM=0 Error=0 Skipped=0 | 155.50 ext/min
2026-05-06 12:19:36,726 - ESATBatch - INFO - Progress: 200/259 | Duration=83.00s Success=199 Failed=1 Timeout=0 OOM=1 Error=0 Skipped=0 | 144.59 ext/min
2026-05-06 12:20:12,472 - ESATBatch - INFO - Progress: 300/359 | Duration=118.74s Success=298 Failed=2 Timeout=0 OOM=2 Error=0 Skipped=0 | 151.59 ext/min
2026-05-06 12:20:46,067 - ESATBatch - INFO - Progress: 400/459 | Duration=152.34s Success=396 Failed=4 Timeout=0 OOM=4 Error=0 Skipped=0 | 157.55 ext/min
2026-05-06 12:21:43,412 - ESATBatch - INFO - Progress: 500/559 | Duration=209.68s Success=493 Failed=7 Timeout=0 OOM=7 Error=0 Skipped=0 | 143.07 ext/min
2026-05-06 12:22:35,305 - ESATBatch - INFO - Progress: 600/659 | Duration=261.57s Success=592 Failed=8 Timeout=0 OOM=8 Error=0 Skipped=0 | 137.63 ext/min
2026-05-06 12:23:52,445 - ESATBatch - INFO - Progress: 700/759 | Duration=338.72s Success=691 Failed=9 Timeout=0 OOM=9 Error=0 Skipped=0 | 124.00 ext/min
2026-05-06 12:25:01,904 - ESATBatch - INFO - Progress: 800/859 | Duration=408.17s Success=789 Failed=11 Timeout=0 OOM=11 Error=0 Skipped=0 | 117.60 ext/min
2026-05-06 12:26:22,667 - ESATBatch - INFO - Progress: 900/959 | Duration=488.94s Success=885 Failed=15 Timeout=0 OOM=15 Error=0 Skipped=0 | 110.44 ext/min
2026-05-06 12:27:08,366 - ESATBatch - INFO - Progress: 1000/1059 | Duration=534.64s Success=984 Failed=16 Timeout=0 OOM=16 Error=0 Skipped=0 | 112.23 ext/min
2026-05-06 12:27:57,968 - ESATBatch - INFO - Progress: 1100/1159 | Duration=584.24s Success=1081 Failed=19 Timeout=0 OOM=19 Error=0 Skipped=0 | 112.97 ext/min
2026-05-06 12:29:18,950 - ESATBatch - INFO - Progress: 1200/1259 | Duration=665.22s Success=1179 Failed=21 Timeout=0 OOM=21 Error=0 Skipped=0 | 108.23 ext/min
2026-05-06 12:30:15,278 - ESATBatch - INFO - Progress: 1300/1359 | Duration=721.55s Success=1277 Failed=23 Timeout=0 OOM=23 Error=0 Skipped=0 | 108.10 ext/min
2026-05-06 12:31:07,135 - ESATBatch - INFO - Progress: 1400/1459 | Duration=773.41s Success=1376 Failed=24 Timeout=0 OOM=24 Error=0 Skipped=0 | 108.61 ext/min
2026-05-06 12:32:05,848 - ESATBatch - INFO - Progress: 1500/1559 | Duration=832.12s Success=1474 Failed=26 Timeout=0 OOM=26 Error=0 Skipped=0 | 108.16 ext/min
2026-05-06 12:32:53,381 - ESATBatch - INFO - Progress: 1600/1659 | Duration=879.65s Success=1572 Failed=28 Timeout=0 OOM=28 Error=0 Skipped=0 | 109.13 ext/min
2026-05-06 12:33:53,551 - ESATBatch - INFO - Progress: 1700/1759 | Duration=939.82s Success=1671 Failed=29 Timeout=0 OOM=29 Error=0 Skipped=0 | 108.53 ext/min
2026-05-06 12:34:47,448 - ESATBatch - INFO - Progress: 1800/1859 | Duration=993.72s Success=1770 Failed=30 Timeout=0 OOM=30 Error=0 Skipped=0 | 108.68 ext/min
2026-05-06 12:35:52,373 - ESATBatch - INFO - Progress: 1900/1959 | Duration=1058.64s Success=1868 Failed=32 Timeout=0 OOM=32 Error=0 Skipped=0 | 107.69 ext/min
2026-05-06 12:36:43,131 - ESATBatch - INFO - Progress: 2000/2059 | Duration=1109.40s Success=1965 Failed=35 Timeout=0 OOM=35 Error=0 Skipped=0 | 108.17 ext/min
2026-05-06 12:37:58,305 - ESATBatch - INFO - Progress: 2100/2159 | Duration=1184.57s Success=2058 Failed=42 Timeout=0 OOM=42 Error=0 Skipped=0 | 106.37 ext/min
2026-05-06 12:39:16,538 - ESATBatch - INFO - Progress: 2200/2259 | Duration=1262.81s Success=2155 Failed=45 Timeout=0 OOM=45 Error=0 Skipped=0 | 104.53 ext/min
2026-05-06 12:40:49,511 - ESATBatch - INFO - Progress: 2300/2359 | Duration=1355.78s Success=2254 Failed=46 Timeout=0 OOM=46 Error=0 Skipped=0 | 101.79 ext/min
2026-05-06 12:41:53,067 - ESATBatch - INFO - Progress: 2400/2459 | Duration=1419.34s Success=2350 Failed=50 Timeout=0 OOM=50 Error=0 Skipped=0 | 101.46 ext/min
2026-05-06 12:43:08,296 - ESATBatch - INFO - Progress: 2500/2559 | Duration=1494.57s Success=2447 Failed=53 Timeout=0 OOM=53 Error=0 Skipped=0 | 100.36 ext/min
2026-05-06 12:44:07,110 - ESATBatch - INFO - Progress: 2600/2659 | Duration=1553.38s Success=2546 Failed=54 Timeout=0 OOM=54 Error=0 Skipped=0 | 100.43 ext/min
2026-05-06 12:45:11,931 - ESATBatch - INFO - Progress: 2700/2759 | Duration=1618.20s Success=2645 Failed=55 Timeout=0 OOM=55 Error=0 Skipped=0 | 100.11 ext/min
2026-05-06 12:46:26,758 - ESATBatch - INFO - Progress: 2800/2859 | Duration=1693.03s Success=2740 Failed=60 Timeout=2 OOM=58 Error=0 Skipped=0 | 99.23 ext/min
2026-05-06 12:47:16,361 - ESATBatch - INFO - Progress: 2900/2959 | Duration=1742.63s Success=2840 Failed=60 Timeout=2 OOM=58 Error=0 Skipped=0 | 99.85 ext/min
2026-05-06 12:48:16,386 - ESATBatch - INFO - Progress: 3000/3059 | Duration=1802.66s Success=2939 Failed=61 Timeout=2 OOM=59 Error=0 Skipped=0 | 99.85 ext/min
2026-05-06 12:49:32,167 - ESATBatch - INFO - Progress: 3100/3159 | Duration=1878.44s Success=3034 Failed=66 Timeout=2 OOM=64 Error=0 Skipped=0 | 99.02 ext/min
2026-05-06 12:50:52,184 - ESATBatch - INFO - Progress: 3200/3259 | Duration=1958.45s Success=3129 Failed=71 Timeout=2 OOM=69 Error=0 Skipped=0 | 98.04 ext/min
2026-05-06 12:51:45,601 - ESATBatch - INFO - Progress: 3300/3359 | Duration=2011.87s Success=3228 Failed=72 Timeout=2 OOM=70 Error=0 Skipped=0 | 98.42 ext/min
2026-05-06 12:52:45,996 - ESATBatch - INFO - Progress: 3400/3459 | Duration=2072.27s Success=3322 Failed=78 Timeout=3 OOM=75 Error=0 Skipped=0 | 98.44 ext/min
2026-05-06 12:53:46,391 - ESATBatch - INFO - Progress: 3500/3559 | Duration=2132.66s Success=3421 Failed=79 Timeout=3 OOM=76 Error=0 Skipped=0 | 98.47 ext/min
2026-05-06 12:54:39,276 - ESATBatch - INFO - Progress: 3600/3659 | Duration=2185.55s Success=3517 Failed=83 Timeout=4 OOM=79 Error=0 Skipped=0 | 98.83 ext/min
2026-05-06 12:55:25,028 - ESATBatch - INFO - Progress: 3700/3759 | Duration=2231.30s Success=3617 Failed=83 Timeout=4 OOM=79 Error=0 Skipped=0 | 99.49 ext/min
2026-05-06 12:56:14,157 - ESATBatch - INFO - Progress: 3800/3859 | Duration=2280.43s Success=3716 Failed=84 Timeout=4 OOM=80 Error=0 Skipped=0 | 99.98 ext/min
2026-05-06 12:57:11,716 - ESATBatch - INFO - Progress: 3900/3959 | Duration=2337.99s Success=3814 Failed=86 Timeout=4 OOM=82 Error=0 Skipped=0 | 100.09 ext/min
2026-05-06 12:58:03,822 - ESATBatch - INFO - Progress: 4000/4059 | Duration=2390.09s Success=3912 Failed=88 Timeout=4 OOM=84 Error=0 Skipped=0 | 100.41 ext/min
2026-05-06 12:59:06,264 - ESATBatch - INFO - Progress: 4100/4159 | Duration=2452.53s Success=4009 Failed=91 Timeout=4 OOM=87 Error=0 Skipped=0 | 100.30 ext/min
2026-05-06 12:59:53,407 - ESATBatch - INFO - Progress: 4200/4259 | Duration=2499.68s Success=4107 Failed=93 Timeout=4 OOM=89 Error=0 Skipped=0 | 100.81 ext/min
2026-05-06 13:01:04,629 - ESATBatch - INFO - Progress: 4300/4359 | Duration=2570.90s Success=4204 Failed=96 Timeout=4 OOM=92 Error=0 Skipped=0 | 100.35 ext/min
2026-05-06 13:02:09,324 - ESATBatch - INFO - Progress: 4400/4459 | Duration=2635.59s Success=4301 Failed=99 Timeout=4 OOM=95 Error=0 Skipped=0 | 100.17 ext/min
2026-05-06 13:03:10,565 - ESATBatch - INFO - Progress: 4500/4559 | Duration=2696.83s Success=4399 Failed=101 Timeout=4 OOM=97 Error=0 Skipped=0 | 100.12 ext/min
2026-05-06 13:04:14,661 - ESATBatch - INFO - Progress: 4600/4659 | Duration=2760.93s Success=4494 Failed=106 Timeout=4 OOM=102 Error=0 Skipped=0 | 99.97 ext/min
2026-05-06 13:05:35,058 - ESATBatch - INFO - Progress: 4700/4759 | Duration=2841.33s Success=4594 Failed=106 Timeout=4 OOM=102 Error=0 Skipped=0 | 99.25 ext/min
2026-05-06 13:06:30,972 - ESATBatch - INFO - Progress: 4800/4859 | Duration=2897.24s Success=4692 Failed=108 Timeout=4 OOM=104 Error=0 Skipped=0 | 99.40 ext/min
2026-05-06 13:07:35,667 - ESATBatch - INFO - Progress: 4900/4959 | Duration=2961.94s Success=4790 Failed=110 Timeout=4 OOM=106 Error=0 Skipped=0 | 99.26 ext/min
2026-05-06 13:08:40,541 - ESATBatch - INFO - Progress: 5000/5059 | Duration=3026.81s Success=4888 Failed=112 Timeout=4 OOM=108 Error=0 Skipped=0 | 99.11 ext/min
2026-05-06 13:09:53,351 - ESATBatch - INFO - Progress: 5100/5159 | Duration=3099.62s Success=4987 Failed=113 Timeout=5 OOM=108 Error=0 Skipped=0 | 98.72 ext/min
2026-05-06 13:10:41,453 - ESATBatch - INFO - Progress: 5200/5259 | Duration=3147.72s Success=5085 Failed=115 Timeout=5 OOM=110 Error=0 Skipped=0 | 99.12 ext/min
2026-05-06 13:11:21,914 - ESATBatch - INFO - Progress: 5300/5359 | Duration=3188.18s Success=5182 Failed=118 Timeout=5 OOM=113 Error=0 Skipped=0 | 99.74 ext/min
2026-05-06 13:11:56,621 - ESATBatch - INFO - Progress: 5400/5459 | Duration=3222.89s Success=5281 Failed=119 Timeout=5 OOM=114 Error=0 Skipped=0 | 100.53 ext/min
2026-05-06 13:13:18,975 - ESATBatch - INFO - Progress: 5500/5559 | Duration=3305.24s Success=5380 Failed=120 Timeout=5 OOM=115 Error=0 Skipped=0 | 99.84 ext/min
2026-05-06 13:14:36,256 - ESATBatch - INFO - Progress: 5600/5659 | Duration=3382.53s Success=5480 Failed=120 Timeout=5 OOM=115 Error=0 Skipped=0 | 99.33 ext/min
2026-05-06 13:15:59,485 - ESATBatch - INFO - Progress: 5700/5759 | Duration=3465.75s Success=5576 Failed=124 Timeout=6 OOM=118 Error=0 Skipped=0 | 98.68 ext/min
2026-05-06 13:20:04,519 - ESATBatch - INFO - ============================================================
2026-05-06 13:20:04,520 - ESATBatch - INFO - BATCH PROCESSING SUMMARY
2026-05-06 13:20:04,520 - ESATBatch - INFO - Duration: 3709.4s
2026-05-06 13:20:04,520 - ESATBatch - INFO - Total: 5785
2026-05-06 13:20:04,520 - ESATBatch - INFO - Success: 5658
2026-05-06 13:20:04,520 - ESATBatch - INFO - Failed: 127
2026-05-06 13:20:04,520 - ESATBatch - INFO - Timeout: 6
2026-05-06 13:20:04,520 - ESATBatch - INFO - OOM: 121
2026-05-06 13:20:04,520 - ESATBatch - INFO - Error: 0
2026-05-06 13:20:04,521 - ESATBatch - INFO - Skipped: 0
2026-05-06 13:20:04,521 - ESATBatch - INFO - ============================================================
2026-05-06 13:20:04,521 - ESATBatch - WARNING - Processing completed with 127 failures
Processing completed.
